I'm sorry, but errors were detected in your script. Please correct the
errors listed below, and try again.


File "game/screens.rpy", line 994: screen expects a non-empty block.
    screen music_room:
                      ^

Ren'Py Version: Ren'Py 7.4.4.1439
Sun Jan 16 17:04:22 2022
